******************************************************************************
                  TI ARM Linker PC v16.9.4                     
******************************************************************************
>> Linked Sat Aug 26 23:25:08 2023

OUTPUT FILE NAME:   <Systick.out>
ENTRY POINT SYMBOL: "_c_int00"  address: 00000fcd


MEMORY CONFIGURATION

         name            origin    length      used     unused   attr    fill
----------------------  --------  ---------  --------  --------  ----  --------
  FLASH                 00000000   00040000  000011a8  0003ee58  R  X
  SRAM                  20000000   00008000  00000232  00007dce  RW X


SEGMENT ALLOCATION MAP

run origin  load origin   length   init length attrs members
----------  ----------- ---------- ----------- ----- -------
00000000    00000000    000011a8   000011a8    r-x
  00000000    00000000    0000026c   0000026c    r-- .intvecs
  0000026c    0000026c    00000efc   00000efc    r-x .text
  00001168    00001168    00000040   00000040    r-- .cinit
20000000    20000000    00000232   00000000    rw-
  20000000    20000000    00000200   00000000    rw- .stack
  20000200    20000200    00000031   00000000    rw- .data
  20000231    20000231    00000001   00000000    rw- .bss


SECTION ALLOCATION MAP

 output                                  attributes/
section   page    origin      length       input sections
--------  ----  ----------  ----------   ----------------
.intvecs   0    00000000    0000026c     
                  00000000    0000026c     tm4c123gh6pm_startup_ccs.obj (.intvecs)

.text      0    0000026c    00000efc     
                  0000026c    00000624     GPIO.obj (.text)
                  00000890    00000300     LCD_program.obj (.text)
                  00000b90    000001f4     app.obj (.text)
                  00000d84    0000009c     rtsv7M4_T_le_v4SPD16_eabi.lib : memcpy_t2.obj (.text)
                  00000e20    0000007a                                   : memset_t2.obj (.text)
                  00000e9a    00000002                                   : mpu_init.obj (.text)
                  00000e9c    00000070                                   : autoinit.obj (.text)
                  00000f0c    00000068                                   : copy_decompress_lzss.obj (.text:decompress:lzss)
                  00000f74    00000058     Systick.obj (.text)
                  00000fcc    00000054     rtsv7M4_T_le_v4SPD16_eabi.lib : boot.obj (.text)
                  00001020    00000054                                   : exit.obj (.text)
                  00001074    0000004c                                   : cpy_tbl.obj (.text)
                  000010c0    00000044     EXTI.obj (.text)
                  00001104    00000018     rtsv7M4_T_le_v4SPD16_eabi.lib : args_main.obj (.text)
                  0000111c    00000014                                   : _lock.obj (.text)
                  00001130    0000000e                                   : copy_decompress_none.obj (.text:decompress:none)
                  0000113e    0000000c                                   : copy_zero_init.obj (.text:decompress:ZI)
                  0000114a    0000000c     main.obj (.text)
                  00001156    0000000c     tm4c123gh6pm_startup_ccs.obj (.text)
                  00001162    00000004     rtsv7M4_T_le_v4SPD16_eabi.lib : pre_init.obj (.text)
                  00001166    00000002                                   : startup.obj (.text)

.cinit     0    00001168    00000040     
                  00001168    0000001a     (.cinit..data.load) [load image, compression = lzss]
                  00001182    00000002     --HOLE-- [fill = 0]
                  00001184    0000000c     (__TI_handler_table)
                  00001190    00000008     (.cinit..bss.load) [load image, compression = zero_init]
                  00001198    00000010     (__TI_cinit_table)

.init_array 
*          0    00000000    00000000     UNINITIALIZED

.stack     0    20000000    00000200     UNINITIALIZED
                  20000000    00000200     --HOLE--

.data      0    20000200    00000031     UNINITIALIZED
                  20000200    00000018     app.obj (.data)
                  20000218    0000000c     rtsv7M4_T_le_v4SPD16_eabi.lib : exit.obj (.data:$O1$$)
                  20000224    00000008                                   : _lock.obj (.data:$O1$$)
                  2000022c    00000004                                   : stkdepth_vars.obj (.data)
                  20000230    00000001     Systick.obj (.data)

.bss       0    20000231    00000001     UNINITIALIZED
                  20000231    00000001     (.common:FLAG_SWITCH)

MODULE SUMMARY

       Module                         code   ro data   rw data
       ------                         ----   -------   -------
    .\
       tm4c123gh6pm_startup_ccs.obj   12     620       0      
       main.obj                       12     0         0      
    +--+------------------------------+------+---------+---------+
       Total:                         24     620       0      
                                                              
    .\APP\
       app.obj                        500    0         25     
    +--+------------------------------+------+---------+---------+
       Total:                         500    0         25     
                                                              
    .\HAL\LCD\
       LCD_program.obj                768    0         0      
    +--+------------------------------+------+---------+---------+
       Total:                         768    0         0      
                                                              
    .\MCAL\EXTI\
       EXTI.obj                       68     0         0      
    +--+------------------------------+------+---------+---------+
       Total:                         68     0         0      
                                                              
    .\MCAL\GPIO\
       GPIO.obj                       1572   0         0      
    +--+------------------------------+------+---------+---------+
       Total:                         1572   0         0      
                                                              
    .\MCAL\SYSTICK\
       Systick.obj                    88     0         1      
    +--+------------------------------+------+---------+---------+
       Total:                         88     0         1      
                                                              
    C:\ti\ccsv7\tools\compiler\ti-cgt-arm_16.9.4.LTS\lib\rtsv7M4_T_le_v4SPD16_eabi.lib
       memcpy_t2.obj                  156    0         0      
       memset_t2.obj                  122    0         0      
       autoinit.obj                   112    0         0      
       copy_decompress_lzss.obj       104    0         0      
       exit.obj                       84     0         12     
       boot.obj                       84     0         0      
       cpy_tbl.obj                    76     0         0      
       _lock.obj                      20     0         8      
       args_main.obj                  24     0         0      
       copy_decompress_none.obj       14     0         0      
       copy_zero_init.obj             12     0         0      
       pre_init.obj                   4      0         0      
       stkdepth_vars.obj              0      0         4      
       mpu_init.obj                   2      0         0      
       startup.obj                    2      0         0      
    +--+------------------------------+------+---------+---------+
       Total:                         816    0         24     
                                                              
       Stack:                         0      0         512    
       Linker Generated:              0      62        0      
    +--+------------------------------+------+---------+---------+
       Grand Total:                   3836   682       562    


LINKER GENERATED COPY TABLES

__TI_cinit_table @ 00001198 records: 2, size/record: 8, table size: 16
	.data: load addr=00001168, load size=0000001a bytes, run addr=20000200, run size=00000031 bytes, compression=lzss
	.bss: load addr=00001190, load size=00000008 bytes, run addr=20000231, run size=00000001 bytes, compression=zero_init


LINKER GENERATED HANDLER TABLE

__TI_handler_table @ 00001184 records: 3, size/record: 4, table size: 12
	index: 0, handler: __TI_decompress_lzss
	index: 1, handler: __TI_decompress_none
	index: 2, handler: __TI_zero_init


GLOBAL SYMBOLS: SORTED ALPHABETICALLY BY Name 

address   name                            
-------   ----                            
00000bc3  APP_SysOn                       
00000b91  APP_SysSetup                    
00001021  C$$EXIT                         
20000231  FLAG_SWITCH                     
20000204  Flag_pause                      
20000208  Flag_reset                      
000007c1  GPIO_u8Read                     
0000026d  GPIO_voidInit                   
0000033f  GPIO_voidInput                  
00000535  GPIO_voidWritePin               
000010c1  ISR_SWITCH                      
000010d9  ISR_SWITCH_INIT                 
00000b09  LCD_NoLeadingZerosVoidSendNumber
000009d3  LCD_voidGoToXY                  
00000957  LCD_voidInit                    
000008db  LCD_voidSendCommand             
00000919  LCD_voidSendData                
00000a7b  LCD_voidSendNumber              
000009a3  LCD_voidSendString              
00000a0d  LCD_voidWriteSpecialCh          
00001157  ResetISR                        
UNDEFED   SHT$$INIT_ARRAY$$Base           
UNDEFED   SHT$$INIT_ARRAY$$Limit          
00000fb5  SysTick_ISR_Handler             
00000f75  SysTick_Init                    
00000fa9  SysTick_Stop                    
00000f87  SysTick_Wait_ms                 
20000230  Systick_flag                    
20000200  __STACK_END                     
00000200  __STACK_SIZE                    
20000200  __STACK_TOP                     
00001198  __TI_CINIT_Base                 
000011a8  __TI_CINIT_Limit                
00001184  __TI_Handler_Table_Base         
00001190  __TI_Handler_Table_Limit        
00000e9d  __TI_auto_init                  
20000218  __TI_cleanup_ptr                
00000f0d  __TI_decompress_lzss            
00001131  __TI_decompress_none            
2000021c  __TI_dtors_ptr                  
20000220  __TI_enable_exit_profile_output 
ffffffff  __TI_pprof_out_hndl             
ffffffff  __TI_prof_data_size             
ffffffff  __TI_prof_data_start            
00000000  __TI_static_base__              
0000113f  __TI_zero_init                  
00000e21  __aeabi_memclr                  
00000e21  __aeabi_memclr4                 
00000e21  __aeabi_memclr8                 
00000d85  __aeabi_memcpy                  
00000d85  __aeabi_memcpy4                 
00000d85  __aeabi_memcpy8                 
00000e23  __aeabi_memset                  
00000e23  __aeabi_memset4                 
00000e23  __aeabi_memset8                 
ffffffff  __binit__                       
ffffffff  __c_args__                      
00000e9b  __mpu_init                      
20000000  __stack                         
00001105  _args_main                      
00000fcd  _c_int00                        
20000224  _lock                           
0000112b  _nop                            
00001123  _register_lock                  
0000111d  _register_unlock                
00001167  _system_post_cinit              
00001163  _system_pre_init                
20000228  _unlock                         
00001025  abort                           
ffffffff  binit                           
00001075  copy_in                         
00000891  delayMs                         
0000102d  exit                            
00000000  g_pfnVectors                    
0000114b  main                            
2000022c  main_func_sp                    
20000214  melliseconds                    
00000d85  memcpy                          
00000e29  memset                          
2000020c  minuts                          
20000210  seconds                         
20000200  time                            


GLOBAL SYMBOLS: SORTED BY Symbol Address 

address   name                            
-------   ----                            
00000000  __TI_static_base__              
00000000  g_pfnVectors                    
00000200  __STACK_SIZE                    
0000026d  GPIO_voidInit                   
0000033f  GPIO_voidInput                  
00000535  GPIO_voidWritePin               
000007c1  GPIO_u8Read                     
00000891  delayMs                         
000008db  LCD_voidSendCommand             
00000919  LCD_voidSendData                
00000957  LCD_voidInit                    
000009a3  LCD_voidSendString              
000009d3  LCD_voidGoToXY                  
00000a0d  LCD_voidWriteSpecialCh          
00000a7b  LCD_voidSendNumber              
00000b09  LCD_NoLeadingZerosVoidSendNumber
00000b91  APP_SysSetup                    
00000bc3  APP_SysOn                       
00000d85  __aeabi_memcpy                  
00000d85  __aeabi_memcpy4                 
00000d85  __aeabi_memcpy8                 
00000d85  memcpy                          
00000e21  __aeabi_memclr                  
00000e21  __aeabi_memclr4                 
00000e21  __aeabi_memclr8                 
00000e23  __aeabi_memset                  
00000e23  __aeabi_memset4                 
00000e23  __aeabi_memset8                 
00000e29  memset                          
00000e9b  __mpu_init                      
00000e9d  __TI_auto_init                  
00000f0d  __TI_decompress_lzss            
00000f75  SysTick_Init                    
00000f87  SysTick_Wait_ms                 
00000fa9  SysTick_Stop                    
00000fb5  SysTick_ISR_Handler             
00000fcd  _c_int00                        
00001021  C$$EXIT                         
00001025  abort                           
0000102d  exit                            
00001075  copy_in                         
000010c1  ISR_SWITCH                      
000010d9  ISR_SWITCH_INIT                 
00001105  _args_main                      
0000111d  _register_unlock                
00001123  _register_lock                  
0000112b  _nop                            
00001131  __TI_decompress_none            
0000113f  __TI_zero_init                  
0000114b  main                            
00001157  ResetISR                        
00001163  _system_pre_init                
00001167  _system_post_cinit              
00001184  __TI_Handler_Table_Base         
00001190  __TI_Handler_Table_Limit        
00001198  __TI_CINIT_Base                 
000011a8  __TI_CINIT_Limit                
20000000  __stack                         
20000200  __STACK_END                     
20000200  __STACK_TOP                     
20000200  time                            
20000204  Flag_pause                      
20000208  Flag_reset                      
2000020c  minuts                          
20000210  seconds                         
20000214  melliseconds                    
20000218  __TI_cleanup_ptr                
2000021c  __TI_dtors_ptr                  
20000220  __TI_enable_exit_profile_output 
20000224  _lock                           
20000228  _unlock                         
2000022c  main_func_sp                    
20000230  Systick_flag                    
20000231  FLAG_SWITCH                     
ffffffff  __TI_pprof_out_hndl             
ffffffff  __TI_prof_data_size             
ffffffff  __TI_prof_data_start            
ffffffff  __binit__                       
ffffffff  __c_args__                      
ffffffff  binit                           
UNDEFED   SHT$$INIT_ARRAY$$Base           
UNDEFED   SHT$$INIT_ARRAY$$Limit          

[82 symbols]
